MSBuild-Version 17.14.40+3e7442088 f├╝r .NET Framework

  main.cpp
  Renderer.cpp
C:\Users\cheyenne\Downloads\Atom\src\Renderer.h(26,32): error C2440: "<function-style-cast>": "sf::String" kann nicht in "sf::Text" konvertiert werden [C:\Users\cheyenne\Downloads\Atom\build\AtomSimulation.vcxproj]
  (Quelldatei ÔÇ×../src/main.cppÔÇ£ wird kompiliert)
      C:\Users\cheyenne\Downloads\Atom\src\Renderer.h(26,32):
      "sf::Text::Text": Keine ├╝berladene Funktion konnte alle Argumenttypen konvertieren
          C:\Users\cheyenne\Downloads\SFML-3.0.0\include\SFML\Graphics\Text.hpp(429,1):
          kann "sf::Text::Text(sf::Text &&)" sein
              C:\Users\cheyenne\Downloads\Atom\src\Renderer.h(26,32):
              "sf::Text::Text(sf::Text &&)" : Konvertierung von Argument 1 von "sf::String" in "sf::Text &&" nicht m├Âglich
                  C:\Users\cheyenne\Downloads\Atom\src\Renderer.h(26,43):
                  Ursache: Konvertierung von "sf::String" in "sf::Text" nicht m├Âglich
                  C:\Users\cheyenne\Downloads\Atom\src\Renderer.h(26,43):
                  Kein benutzerdefinierter Konvertierungsoperator verf├╝gbar, der diese Konvertierung durchf├╝hren kann, oder der Operator kann nicht aufgerufen werden
          C:\Users\cheyenne\Downloads\SFML-3.0.0\include\SFML\Graphics\Text.hpp(429,1):
          oder "sf::Text::Text(const sf::Text &)"
              C:\Users\cheyenne\Downloads\Atom\src\Renderer.h(26,32):
              "sf::Text::Text(const sf::Text &)" : Konvertierung von Argument 1 von "sf::String" in "const sf::Text &" nicht m├Âglich
                  C:\Users\cheyenne\Downloads\Atom\src\Renderer.h(26,43):
                  Ursache: Konvertierung von "sf::String" in "const sf::Text" nicht m├Âglich
                  C:\Users\cheyenne\Downloads\Atom\src\Renderer.h(26,43):
                  Kein benutzerdefinierter Konvertierungsoperator verf├╝gbar, der diese Konvertierung durchf├╝hren kann, oder der Operator kann nicht aufgerufen werden
          C:\Users\cheyenne\Downloads\SFML-3.0.0\include\SFML\Graphics\Text.hpp(93,5):
          oder "sf::Text::Text(const sf::Font &&,sf::String,unsigned int)"
              C:\Users\cheyenne\Downloads\Atom\src\Renderer.h(26,32):
              "sf::Text::Text(const sf::Font &&,sf::String,unsigned int)" : Konvertierung von Argument 1 von "sf::String" in "const sf::Font &&" nicht m├Âglich
                  C:\Users\cheyenne\Downloads\Atom\src\Renderer.h(26,43):
                  Ursache: Konvertierung von "sf::String" in "const sf::Font" nicht m├Âglich
                  C:\Users\cheyenne\Downloads\Atom\src\Renderer.h(26,43):
                  Kein benutzerdefinierter Konvertierungsoperator verf├╝gbar, der diese Konvertierung durchf├╝hren kann, oder der Operator kann nicht aufgerufen werden
          C:\Users\cheyenne\Downloads\SFML-3.0.0\include\SFML\Graphics\Text.hpp(87,5):
          oder "sf::Text::Text(const sf::Font &,sf::String,unsigned int)"
              C:\Users\cheyenne\Downloads\Atom\src\Renderer.h(26,32):
              "sf::Text::Text(const sf::Font &,sf::String,unsigned int)" : Konvertierung von Argument 1 von "sf::String" in "const sf::Font &" nicht m├Âglich
                  C:\Users\cheyenne\Downloads\Atom\src\Renderer.h(26,43):
                  Ursache: Konvertierung von "sf::String" in "const sf::Font" nicht m├Âglich
                  C:\Users\cheyenne\Downloads\Atom\src\Renderer.h(26,43):
                  Kein benutzerdefinierter Konvertierungsoperator verf├╝gbar, der diese Konvertierung durchf├╝hren kann, oder der Operator kann nicht aufgerufen werden
          C:\Users\cheyenne\Downloads\Atom\src\Renderer.h(26,32):
          bei Anpassung der Argumentliste "(sf::String)"
  
C:\Users\cheyenne\Downloads\Atom\src\Renderer.h(26,28): error C2512: "sf::Text::Text": Kein geeigneter Standardkonstruktor verf├╝gbar [C:\Users\cheyenne\Downloads\Atom\build\AtomSimulation.vcxproj]
  (Quelldatei ÔÇ×../src/main.cppÔÇ£ wird kompiliert)
      C:\Users\cheyenne\Downloads\Atom\src\Renderer.h(26,28):
      bei Anpassung der Argumentliste "()"
  
  Code wird generiert...
C:\Users\cheyenne\Downloads\Atom\src\Renderer.h(26,32): error C2440: "<function-style-cast>": "sf::String" kann nicht in "sf::Text" konvertiert werden [C:\Users\cheyenne\Downloads\Atom\build\AtomSimulation.vcxproj]
  (Quelldatei ÔÇ×../src/Renderer.cppÔÇ£ wird kompiliert)
      C:\Users\cheyenne\Downloads\Atom\src\Renderer.h(26,32):
      "sf::Text::Text": Keine ├╝berladene Funktion konnte alle Argumenttypen konvertieren
          C:\Users\cheyenne\Downloads\SFML-3.0.0\include\SFML\Graphics\Text.hpp(429,1):
          kann "sf::Text::Text(sf::Text &&)" sein
              C:\Users\cheyenne\Downloads\Atom\src\Renderer.h(26,32):
              "sf::Text::Text(sf::Text &&)" : Konvertierung von Argument 1 von "sf::String" in "sf::Text &&" nicht m├Âglich
                  C:\Users\cheyenne\Downloads\Atom\src\Renderer.h(26,43):
                  Ursache: Konvertierung von "sf::String" in "sf::Text" nicht m├Âglich
                  C:\Users\cheyenne\Downloads\Atom\src\Renderer.h(26,43):
                  Kein benutzerdefinierter Konvertierungsoperator verf├╝gbar, der diese Konvertierung durchf├╝hren kann, oder der Operator kann nicht aufgerufen werden
          C:\Users\cheyenne\Downloads\SFML-3.0.0\include\SFML\Graphics\Text.hpp(429,1):
          oder "sf::Text::Text(const sf::Text &)"
              C:\Users\cheyenne\Downloads\Atom\src\Renderer.h(26,32):
              "sf::Text::Text(const sf::Text &)" : Konvertierung von Argument 1 von "sf::String" in "const sf::Text &" nicht m├Âglich
                  C:\Users\cheyenne\Downloads\Atom\src\Renderer.h(26,43):
                  Ursache: Konvertierung von "sf::String" in "const sf::Text" nicht m├Âglich
                  C:\Users\cheyenne\Downloads\Atom\src\Renderer.h(26,43):
                  Kein benutzerdefinierter Konvertierungsoperator verf├╝gbar, der diese Konvertierung durchf├╝hren kann, oder der Operator kann nicht aufgerufen werden
          C:\Users\cheyenne\Downloads\SFML-3.0.0\include\SFML\Graphics\Text.hpp(93,5):
          oder "sf::Text::Text(const sf::Font &&,sf::String,unsigned int)"
              C:\Users\cheyenne\Downloads\Atom\src\Renderer.h(26,32):
              "sf::Text::Text(const sf::Font &&,sf::String,unsigned int)" : Konvertierung von Argument 1 von "sf::String" in "const sf::Font &&" nicht m├Âglich
                  C:\Users\cheyenne\Downloads\Atom\src\Renderer.h(26,43):
                  Ursache: Konvertierung von "sf::String" in "const sf::Font" nicht m├Âglich
                  C:\Users\cheyenne\Downloads\Atom\src\Renderer.h(26,43):
                  Kein benutzerdefinierter Konvertierungsoperator verf├╝gbar, der diese Konvertierung durchf├╝hren kann, oder der Operator kann nicht aufgerufen werden
          C:\Users\cheyenne\Downloads\SFML-3.0.0\include\SFML\Graphics\Text.hpp(87,5):
          oder "sf::Text::Text(const sf::Font &,sf::String,unsigned int)"
              C:\Users\cheyenne\Downloads\Atom\src\Renderer.h(26,32):
              "sf::Text::Text(const sf::Font &,sf::String,unsigned int)" : Konvertierung von Argument 1 von "sf::String" in "const sf::Font &" nicht m├Âglich
                  C:\Users\cheyenne\Downloads\Atom\src\Renderer.h(26,43):
                  Ursache: Konvertierung von "sf::String" in "const sf::Font" nicht m├Âglich
                  C:\Users\cheyenne\Downloads\Atom\src\Renderer.h(26,43):
                  Kein benutzerdefinierter Konvertierungsoperator verf├╝gbar, der diese Konvertierung durchf├╝hren kann, oder der Operator kann nicht aufgerufen werden
          C:\Users\cheyenne\Downloads\Atom\src\Renderer.h(26,32):
          bei Anpassung der Argumentliste "(sf::String)"
  
C:\Users\cheyenne\Downloads\Atom\src\Renderer.h(26,28): error C2512: "sf::Text::Text": Kein geeigneter Standardkonstruktor verf├╝gbar [C:\Users\cheyenne\Downloads\Atom\build\AtomSimulation.vcxproj]
  (Quelldatei ÔÇ×../src/Renderer.cppÔÇ£ wird kompiliert)
      C:\Users\cheyenne\Downloads\Atom\src\Renderer.h(26,28):
      bei Anpassung der Argumentliste "()"
  
C:\Users\cheyenne\Downloads\Atom\src\Renderer.cpp(11,22): warning C4834: R├╝ckgabewert der Funktion mit [[nodiscard]]-Attribut wird verworfen [C:\Users\cheyenne\Downloads\Atom\build\AtomSimulation.vcxproj]
